<?xml version="1.0" encoding="utf-8"?>
<TestRun id="aee288fe-e31c-4375-8731-0d37673b88be" name="Morel Technology@DESKTOP-EA7E953 2026-06-25 21:35:46" runUser="DESKTOP-EA7E953\Morel Technology" xmlns="http://microsoft.com/schemas/VisualStudio/TeamTest/2010">
  <Times creation="2026-06-25T21:35:46.0413337-04:00" queuing="2026-06-25T21:35:46.0413346-04:00" start="2026-06-25T21:35:44.1344068-04:00" finish="2026-06-25T21:35:47.2583249-04:00" />
  <TestSettings name="default" id="aadefbcb-5d90-46ab-99a8-de9eb1ee6463">
    <Deployment runDeploymentRoot="Morel_Technology_DESKTOP-EA7E953_2026-06-25_21_35_46" />
  </TestSettings>
  <Results>
    <UnitTestResult executionId="ac5f58a4-1d8a-4975-9b8d-59311828ef3b" testId="04916799-0be6-8ee3-7fa0-13fb70631b7a" testName="CreateAsync_DebeGuardarYRetornarConductorDisponible" computerName="DESKTOP-EA7E953" duration="00:00:00.1564358" startTime="2026-06-25T21:35:45.9669272-04:00" endTime="2026-06-25T21:35:45.9669274-04:00" testType="13cdc9d9-ddb5-4fa4-a97d-d965ccfc6d4b" outcome="Passed" testListId="8c84fa94-04c1-424b-9868-57a2d4851a1d" relativeResultsDirectory="ac5f58a4-1d8a-4975-9b8d-59311828ef3b" />
    <UnitTestResult executionId="db375413-da90-4751-94f4-82914b862935" testId="0898c509-9a94-0fdf-cad2-3667930ecfd1" testName="CreateAsync_SolicitudNoAprobada_DebeLanzarException" computerName="DESKTOP-EA7E953" duration="00:00:00.1499823" startTime="2026-06-25T21:35:45.8716252-04:00" endTime="2026-06-25T21:35:45.8716255-04:00" testType="13cdc9d9-ddb5-4fa4-a97d-d965ccfc6d4b" outcome="Passed" testListId="8c84fa94-04c1-424b-9868-57a2d4851a1d" relativeResultsDirectory="db375413-da90-4751-94f4-82914b862935" />
    <UnitTestResult executionId="e9df36bf-e990-4328-a868-9ffaf534e39b" testId="d93cc48c-30eb-32ee-c105-4916caf30205" testName="DeleteAsync_SiExiste_DebeRemoverYRetornarTrue" computerName="DESKTOP-EA7E953" duration="00:00:00.0052517" startTime="2026-06-25T21:35:45.9767100-04:00" endTime="2026-06-25T21:35:45.9767103-04:00" testType="13cdc9d9-ddb5-4fa4-a97d-d965ccfc6d4b" outcome="Passed" testListId="8c84fa94-04c1-424b-9868-57a2d4851a1d" relativeResultsDirectory="e9df36bf-e990-4328-a868-9ffaf534e39b" />
    <UnitTestResult executionId="0788fcde-c09c-46be-ae66-ead2d6ac61d0" testId="1c022acd-f39e-9275-17bb-a32d2ba2dd4b" testName="LoginAsync_UsuarioActivoYCredencialesCorrectas_DebeRetornarAuthResponseDto" computerName="DESKTOP-EA7E953" duration="00:00:00.4991429" startTime="2026-06-25T21:35:47.1060685-04:00" endTime="2026-06-25T21:35:47.1060687-04:00" testType="13cdc9d9-ddb5-4fa4-a97d-d965ccfc6d4b" outcome="Passed" testListId="8c84fa94-04c1-424b-9868-57a2d4851a1d" relativeResultsDirectory="0788fcde-c09c-46be-ae66-ead2d6ac61d0" />
    <UnitTestResult executionId="e198d3e5-d427-42ca-94a7-96981ccfde2a" testId="6a029fd6-fd32-079b-f647-e7c4cc5c5173" testName="SendEmailAsync_ConfiguracionInvalida_DebeLanzarFormatException" computerName="DESKTOP-EA7E953" duration="00:00:00.0067446" startTime="2026-06-25T21:35:45.9705689-04:00" endTime="2026-06-25T21:35:45.9705690-04:00" testType="13cdc9d9-ddb5-4fa4-a97d-d965ccfc6d4b" outcome="Passed" testListId="8c84fa94-04c1-424b-9868-57a2d4851a1d" relativeResultsDirectory="e198d3e5-d427-42ca-94a7-96981ccfde2a" />
    <UnitTestResult executionId="57d8a0b3-1484-4c17-acf7-80071e1b7b98" testId="0c893564-4420-cf66-740b-77d7214a714e" testName="CreateAsync_FlujoExitoso_DebeGuardarViajeEnCurso" computerName="DESKTOP-EA7E953" duration="00:00:00.0068386" startTime="2026-06-25T21:35:45.9809786-04:00" endTime="2026-06-25T21:35:45.9809789-04:00" testType="13cdc9d9-ddb5-4fa4-a97d-d965ccfc6d4b" outcome="Passed" testListId="8c84fa94-04c1-424b-9868-57a2d4851a1d" relativeResultsDirectory="57d8a0b3-1484-4c17-acf7-80071e1b7b98" />
    <UnitTestResult executionId="cea0441a-3abe-4ee3-90f0-4d26bf8fec4d" testId="7882fad8-c69d-12f4-9164-a2d726d01b65" testName="DeleteAsync_SiExiste_DebeRemoverYRetornarTrue" computerName="DESKTOP-EA7E953" duration="00:00:00.0088919" startTime="2026-06-25T21:35:46.0247685-04:00" endTime="2026-06-25T21:35:46.0247691-04:00" testType="13cdc9d9-ddb5-4fa4-a97d-d965ccfc6d4b" outcome="Passed" testListId="8c84fa94-04c1-424b-9868-57a2d4851a1d" relativeResultsDirectory="cea0441a-3abe-4ee3-90f0-4d26bf8fec4d" />
    <UnitTestResult executionId="78175643-2a50-40fb-817f-4220cd7e33b8" testId="cfae346b-9f27-e83c-babf-aeee6023c2fd" testName="GetAllAsync_DebeRetornarTodosLosConductoresMapeados" computerName="DESKTOP-EA7E953" duration="00:00:00.0072288" startTime="2026-06-25T21:35:45.9738455-04:00" endTime="2026-06-25T21:35:45.9738456-04:00" testType="13cdc9d9-ddb5-4fa4-a97d-d965ccfc6d4b" outcome="Passed" testListId="8c84fa94-04c1-424b-9868-57a2d4851a1d" relativeResultsDirectory="78175643-2a50-40fb-817f-4220cd7e33b8" />
    <UnitTestResult executionId="a458fd2e-3697-478a-92d5-e2054c83994b" testId="b90b6bda-e8e8-a402-5b09-3ac8dc0bbbc5" testName="CreateAsync_VehiculoNoExiste_DebeLanzarException" computerName="DESKTOP-EA7E953" duration="00:00:00.0611818" startTime="2026-06-25T21:35:45.9773170-04:00" endTime="2026-06-25T21:35:45.9773171-04:00" testType="13cdc9d9-ddb5-4fa4-a97d-d965ccfc6d4b" outcome="Passed" testListId="8c84fa94-04c1-424b-9868-57a2d4851a1d" relativeResultsDirectory="a458fd2e-3697-478a-92d5-e2054c83994b" />
    <UnitTestResult executionId="10354bd7-ee79-42eb-a340-2f09858c4956" testId="3fccef17-0dd4-5735-2b6b-467a664741e2" testName="GetByIdAsync_SiExiste_DebeRetornarConductorDto" computerName="DESKTOP-EA7E953" duration="00:00:00.0025515" startTime="2026-06-25T21:35:45.9765796-04:00" endTime="2026-06-25T21:35:45.9765798-04:00" testType="13cdc9d9-ddb5-4fa4-a97d-d965ccfc6d4b" outcome="Passed" testListId="8c84fa94-04c1-424b-9868-57a2d4851a1d" relativeResultsDirectory="10354bd7-ee79-42eb-a340-2f09858c4956" />
    <UnitTestResult executionId="6e98b131-40ac-4aad-b219-93782e5ec559" testId="6b019f29-42f9-4994-dd1e-c020c0b45e0e" testName="GetByIdAsync_SiExiste_DebeRetornarVehiculoDto" computerName="DESKTOP-EA7E953" duration="00:00:00.1437483" startTime="2026-06-25T21:35:45.9658218-04:00" endTime="2026-06-25T21:35:45.9658223-04:00" testType="13cdc9d9-ddb5-4fa4-a97d-d965ccfc6d4b" outcome="Passed" testListId="8c84fa94-04c1-424b-9868-57a2d4851a1d" relativeResultsDirectory="6e98b131-40ac-4aad-b219-93782e5ec559" />
    <UnitTestResult executionId="a213ff44-d104-41ef-9366-e04cf8c05317" testId="5aff1801-13c7-df49-a22f-8256c5ba6de2" testName="UpdateAsync_EstadoCompletado_DebeCambiarVehiculoADisponibleYActualizarFecha" computerName="DESKTOP-EA7E953" duration="00:00:00.1671984" startTime="2026-06-25T21:35:45.9703132-04:00" endTime="2026-06-25T21:35:45.9703133-04:00" testType="13cdc9d9-ddb5-4fa4-a97d-d965ccfc6d4b" outcome="Passed" testListId="8c84fa94-04c1-424b-9868-57a2d4851a1d" relativeResultsDirectory="a213ff44-d104-41ef-9366-e04cf8c05317" />
    <UnitTestResult executionId="bd20357c-d4d1-4c7a-a3bf-8cfe325ddc2e" testId="806881ee-5725-8e05-092d-498c5b539b6c" testName="CreateAsync_AsignacionNoExiste_DebeLanzarException" computerName="DESKTOP-EA7E953" duration="00:00:00.0120982" startTime="2026-06-25T21:35:45.9772023-04:00" endTime="2026-06-25T21:35:45.9772025-04:00" testType="13cdc9d9-ddb5-4fa4-a97d-d965ccfc6d4b" outcome="Passed" testListId="8c84fa94-04c1-424b-9868-57a2d4851a1d" relativeResultsDirectory="bd20357c-d4d1-4c7a-a3bf-8cfe325ddc2e" />
    <UnitTestResult executionId="a9943b91-fc94-4838-ae53-0fcf9d5c3470" testId="faae516f-f0d7-9a2b-65a4-2b303c00f7c1" testName="UpdateAsync_SiExiste_DebeActualizarYRetornarTrue" computerName="DESKTOP-EA7E953" duration="00:00:00.1636983" startTime="2026-06-25T21:35:46.0662927-04:00" endTime="2026-06-25T21:35:46.0662934-04:00" testType="13cdc9d9-ddb5-4fa4-a97d-d965ccfc6d4b" outcome="Passed" testListId="8c84fa94-04c1-424b-9868-57a2d4851a1d" relativeResultsDirectory="a9943b91-fc94-4838-ae53-0fcf9d5c3470" />
    <UnitTestResult executionId="d449285a-aa82-4fad-b0e8-a49092d4cdda" testId="d5ef8fce-5d9b-95d1-6b12-1714cdc02c1e" testName="CreateAsync_FlujoExitoso_DebeGuardarConEstadoPendiente" computerName="DESKTOP-EA7E953" duration="00:00:00.0071354" startTime="2026-06-25T21:35:46.0899595-04:00" endTime="2026-06-25T21:35:46.0899599-04:00" testType="13cdc9d9-ddb5-4fa4-a97d-d965ccfc6d4b" outcome="Passed" testListId="8c84fa94-04c1-424b-9868-57a2d4851a1d" relativeResultsDirectory="d449285a-aa82-4fad-b0e8-a49092d4cdda" />
    <UnitTestResult executionId="6ed72520-d7a5-4371-ac72-1d5963a3320a" testId="ab63fea1-de25-4371-b27d-fab75de01b84" testName="CreateAsync_ConductorNoDisponible_DebeLanzarException" computerName="DESKTOP-EA7E953" duration="00:00:00.0087712" startTime="2026-06-25T21:35:45.9670731-04:00" endTime="2026-06-25T21:35:45.9670733-04:00" testType="13cdc9d9-ddb5-4fa4-a97d-d965ccfc6d4b" outcome="Passed" testListId="8c84fa94-04c1-424b-9868-57a2d4851a1d" relativeResultsDirectory="6ed72520-d7a5-4371-ac72-1d5963a3320a" />
    <UnitTestResult executionId="4ae91548-8550-46ee-bfda-f10a10cc7437" testId="454a54cd-c320-adf1-2b99-3f5bd879d97e" testName="UpdateAsync_EstadoFinalizado_DebeLiberarVehiculoYConductor" computerName="DESKTOP-EA7E953" duration="00:00:00.0274345" startTime="2026-06-25T21:35:45.9769587-04:00" endTime="2026-06-25T21:35:45.9769589-04:00" testType="13cdc9d9-ddb5-4fa4-a97d-d965ccfc6d4b" outcome="Passed" testListId="8c84fa94-04c1-424b-9868-57a2d4851a1d" relativeResultsDirectory="4ae91548-8550-46ee-bfda-f10a10cc7437" />
    <UnitTestResult executionId="aefe0ab8-5055-4a6c-838c-006d9541e8f0" testId="9765131b-ab36-f674-28c8-52557fc726ec" testName="CreateAsync_DebeGuardarYRetornarVehiculoDisponible" computerName="DESKTOP-EA7E953" duration="00:00:00.0074158" startTime="2026-06-25T21:35:45.9740411-04:00" endTime="2026-06-25T21:35:45.9740413-04:00" testType="13cdc9d9-ddb5-4fa4-a97d-d965ccfc6d4b" outcome="Passed" testListId="8c84fa94-04c1-424b-9868-57a2d4851a1d" relativeResultsDirectory="aefe0ab8-5055-4a6c-838c-006d9541e8f0" />
    <UnitTestResult executionId="1b89033a-5dc7-46bd-bcaa-42cc19d32a94" testId="19c678e8-c8cb-e761-07ef-f1c3c10abc3f" testName="UpdateAsync_UsuarioYRolExisten_DebeActualizarYRetornarTrue" computerName="DESKTOP-EA7E953" duration="00:00:00.0099088" startTime="2026-06-25T21:35:45.9702117-04:00" endTime="2026-06-25T21:35:45.9702118-04:00" testType="13cdc9d9-ddb5-4fa4-a97d-d965ccfc6d4b" outcome="Passed" testListId="8c84fa94-04c1-424b-9868-57a2d4851a1d" relativeResultsDirectory="1b89033a-5dc7-46bd-bcaa-42cc19d32a94" />
    <UnitTestResult executionId="267e8adf-5fef-4ae1-8275-21363c2946ce" testId="a1ec79e9-22a5-5671-8574-8d9791e6bbee" testName="GetByIdAsync_SiNoExiste_DebeRetornarNull" computerName="DESKTOP-EA7E953" duration="00:00:00.0185000" startTime="2026-06-25T21:35:45.9708006-04:00" endTime="2026-06-25T21:35:45.9708007-04:00" testType="13cdc9d9-ddb5-4fa4-a97d-d965ccfc6d4b" outcome="Passed" testListId="8c84fa94-04c1-424b-9868-57a2d4851a1d" relativeResultsDirectory="267e8adf-5fef-4ae1-8275-21363c2946ce" />
    <UnitTestResult executionId="6ae9050c-f6e3-48df-a695-e1a5874d7c1a" testId="80604542-ba43-8780-9f96-53d9cce351fc" testName="GetAllAsync_DebeRetornarTodosLosVehiculosMapeados" computerName="DESKTOP-EA7E953" duration="00:00:00.0053045" startTime="2026-06-25T21:35:45.9706983-04:00" endTime="2026-06-25T21:35:45.9706985-04:00" testType="13cdc9d9-ddb5-4fa4-a97d-d965ccfc6d4b" outcome="Passed" testListId="8c84fa94-04c1-424b-9868-57a2d4851a1d" relativeResultsDirectory="6ae9050c-f6e3-48df-a695-e1a5874d7c1a" />
    <UnitTestResult executionId="037882a5-8995-427a-ba9d-32827c9d21b3" testId="ac2109b9-41be-9cf6-41c5-36c546ce0609" testName="UpdateAsync_EstadoEnProgreso_DebeCambiarVehiculoAEnMantenimiento" computerName="DESKTOP-EA7E953" duration="00:00:00.0093770" startTime="2026-06-25T21:35:46.0156527-04:00" endTime="2026-06-25T21:35:46.0156536-04:00" testType="13cdc9d9-ddb5-4fa4-a97d-d965ccfc6d4b" outcome="Passed" testListId="8c84fa94-04c1-424b-9868-57a2d4851a1d" relativeResultsDirectory="037882a5-8995-427a-ba9d-32827c9d21b3" />
    <UnitTestResult executionId="34e86559-8e14-4606-9490-cea23642c23d" testId="9f381fd2-589b-08da-ac03-ed4550abc738" testName="UpdateAsync_SiExiste_DebeActualizarYRetornarTrue" computerName="DESKTOP-EA7E953" duration="00:00:00.0173320" startTime="2026-06-25T21:35:45.9704681-04:00" endTime="2026-06-25T21:35:45.9704682-04:00" testType="13cdc9d9-ddb5-4fa4-a97d-d965ccfc6d4b" outcome="Passed" testListId="8c84fa94-04c1-424b-9868-57a2d4851a1d" relativeResultsDirectory="34e86559-8e14-4606-9490-cea23642c23d" />
    <UnitTestResult executionId="9f3e2f25-9d4b-4cb6-a095-e29a3a38bc90" testId="e1bdba08-9e26-6915-a8b5-5c4ca69a3773" testName="GetAllAsync_DebeRetornarUsuariosMapeadosConSuRol" computerName="DESKTOP-EA7E953" duration="00:00:00.1534793" startTime="2026-06-25T21:35:45.9666684-04:00" endTime="2026-06-25T21:35:45.9666686-04:00" testType="13cdc9d9-ddb5-4fa4-a97d-d965ccfc6d4b" outcome="Passed" testListId="8c84fa94-04c1-424b-9868-57a2d4851a1d" relativeResultsDirectory="9f3e2f25-9d4b-4cb6-a095-e29a3a38bc90" />
    <UnitTestResult executionId="5b4dcde6-a68e-435b-b517-266c324004a3" testId="dcaa2013-283a-1372-ba86-63dec1f574da" testName="DeleteAsync_SiExiste_DebeRemoverYRetornarTrue" computerName="DESKTOP-EA7E953" duration="00:00:00.0085807" startTime="2026-06-25T21:35:45.9821682-04:00" endTime="2026-06-25T21:35:45.9821685-04:00" testType="13cdc9d9-ddb5-4fa4-a97d-d965ccfc6d4b" outcome="Passed" testListId="8c84fa94-04c1-424b-9868-57a2d4851a1d" relativeResultsDirectory="5b4dcde6-a68e-435b-b517-266c324004a3" />
    <UnitTestResult executionId="6ab7a460-c82c-4127-b7e7-bb8dd07986b5" testId="c1cbeba4-a2d3-7b48-c513-bb5d3fa9aad3" testName="CreateAsync_AsignacionNoActiva_DebeLanzarException" computerName="DESKTOP-EA7E953" duration="00:00:00.0055814" startTime="2026-06-25T21:35:45.9819191-04:00" endTime="2026-06-25T21:35:45.9819195-04:00" testType="13cdc9d9-ddb5-4fa4-a97d-d965ccfc6d4b" outcome="Passed" testListId="8c84fa94-04c1-424b-9868-57a2d4851a1d" relativeResultsDirectory="6ab7a460-c82c-4127-b7e7-bb8dd07986b5" />
    <UnitTestResult executionId="5d3e1c67-a045-429a-afdd-7065af7e2fa1" testId="7c973772-d192-e74c-de70-41136310ad0b" testName="CreateAsync_VehiculoNoDisponible_DebeLanzarException" computerName="DESKTOP-EA7E953" duration="00:00:00.0059492" startTime="2026-06-25T21:35:45.9768599-04:00" endTime="2026-06-25T21:35:45.9768600-04:00" testType="13cdc9d9-ddb5-4fa4-a97d-d965ccfc6d4b" outcome="Passed" testListId="8c84fa94-04c1-424b-9868-57a2d4851a1d" relativeResultsDirectory="5d3e1c67-a045-429a-afdd-7065af7e2fa1" />
    <UnitTestResult executionId="b5fafe01-7270-451c-b537-2b43d7986d49" testId="2bca8faa-a31b-35db-c2ac-9b47d490a78f" testName="CreateAsync_ConductorNoExiste_DebeLanzarException" computerName="DESKTOP-EA7E953" duration="00:00:00.0098555" startTime="2026-06-25T21:35:46.0763503-04:00" endTime="2026-06-25T21:35:46.0763508-04:00" testType="13cdc9d9-ddb5-4fa4-a97d-d965ccfc6d4b" outcome="Passed" testListId="8c84fa94-04c1-424b-9868-57a2d4851a1d" relativeResultsDirectory="b5fafe01-7270-451c-b537-2b43d7986d49" />
    <UnitTestResult executionId="d52680ef-1a2c-4cdd-8781-00f661dfb951" testId="36899d8c-fe1b-44a2-2807-c75f8817d344" testName="CreateAsync_FlujoExitoso_DebeGuardarYCambiarEstadosAEnViaje" computerName="DESKTOP-EA7E953" duration="00:00:00.0283125" startTime="2026-06-25T21:35:45.9744190-04:00" endTime="2026-06-25T21:35:45.9744192-04:00" testType="13cdc9d9-ddb5-4fa4-a97d-d965ccfc6d4b" outcome="Passed" testListId="8c84fa94-04c1-424b-9868-57a2d4851a1d" relativeResultsDirectory="d52680ef-1a2c-4cdd-8781-00f661dfb951" />
    <UnitTestResult executionId="c6ee458f-c99d-4778-b0b9-67bda1da8a8e" testId="40239e84-704e-a166-7271-8e37ed797ee5" testName="DeleteAsync_SiExiste_DebeLiberarRecursosYRetornarTrue" computerName="DESKTOP-EA7E953" duration="00:00:00.0089543" startTime="2026-06-25T21:35:45.9767368-04:00" endTime="2026-06-25T21:35:45.9767369-04:00" testType="13cdc9d9-ddb5-4fa4-a97d-d965ccfc6d4b" outcome="Passed" testListId="8c84fa94-04c1-424b-9868-57a2d4851a1d" relativeResultsDirectory="c6ee458f-c99d-4778-b0b9-67bda1da8a8e" />
    <UnitTestResult executionId="1c9d4096-ac72-40e6-b235-17767ae636be" testId="7fd91534-d713-5a9e-4c2f-b904261967fa" testName="CreateAsync_CantidadColaboradoresMenorOEqualACero_DebeLanzarException" computerName="DESKTOP-EA7E953" duration="00:00:00.1379841" startTime="2026-06-25T21:35:45.8638567-04:00" endTime="2026-06-25T21:35:45.8639096-04:00" testType="13cdc9d9-ddb5-4fa4-a97d-d965ccfc6d4b" outcome="Passed" testListId="8c84fa94-04c1-424b-9868-57a2d4851a1d" relativeResultsDirectory="1c9d4096-ac72-40e6-b235-17767ae636be" />
    <UnitTestResult executionId="c5a398dd-6c86-4b08-906a-6c64e481644d" testId="b2590b52-9303-3565-ce5d-22a15909687b" testName="DeleteAsync_SiExiste_DebeRemoverYRetornarTrue" computerName="DESKTOP-EA7E953" duration="00:00:00.0061468" startTime="2026-06-25T21:35:46.0826680-04:00" endTime="2026-06-25T21:35:46.0826683-04:00" testType="13cdc9d9-ddb5-4fa4-a97d-d965ccfc6d4b" outcome="Passed" testListId="8c84fa94-04c1-424b-9868-57a2d4851a1d" relativeResultsDirectory="c5a398dd-6c86-4b08-906a-6c64e481644d" />
    <UnitTestResult executionId="7b49e8e1-64c1-4aab-b2e5-b7ac216d1c00" testId="100aa902-4b3b-f609-c9e6-39ebc6c24db6" testName="CreateAsync_VehiculoNoExiste_DebeLanzarException" computerName="DESKTOP-EA7E953" duration="00:00:00.0039106" startTime="2026-06-25T21:35:46.0942190-04:00" endTime="2026-06-25T21:35:46.0942193-04:00" testType="13cdc9d9-ddb5-4fa4-a97d-d965ccfc6d4b" outcome="Passed" testListId="8c84fa94-04c1-424b-9868-57a2d4851a1d" relativeResultsDirectory="7b49e8e1-64c1-4aab-b2e5-b7ac216d1c00" />
    <UnitTestResult executionId="e24ee7a2-121d-4286-8aee-1ff35117a440" testId="ca5e367a-2435-aeb7-7c91-aea12b29d989" testName="UpdateAsync_ConVehiculoYConductorNuevos_DebeCrearAsignacionCorrectamente" computerName="DESKTOP-EA7E953" duration="00:00:00.0227686" startTime="2026-06-25T21:35:45.9736647-04:00" endTime="2026-06-25T21:35:45.9736648-04:00" testType="13cdc9d9-ddb5-4fa4-a97d-d965ccfc6d4b" outcome="Passed" testListId="8c84fa94-04c1-424b-9868-57a2d4851a1d" relativeResultsDirectory="e24ee7a2-121d-4286-8aee-1ff35117a440" />
    <UnitTestResult executionId="5b5f7785-d7ab-48ae-aead-8a8615188116" testId="0dc5e48a-fa46-f922-188a-94d05ac89218" testName="UpdateAsync_SiExiste_DebeActualizarYRetornarTrue" computerName="DESKTOP-EA7E953" duration="00:00:00.0056749" startTime="2026-06-25T21:35:45.9759355-04:00" endTime="2026-06-25T21:35:45.9759363-04:00" testType="13cdc9d9-ddb5-4fa4-a97d-d965ccfc6d4b" outcome="Passed" testListId="8c84fa94-04c1-424b-9868-57a2d4851a1d" relativeResultsDirectory="5b5f7785-d7ab-48ae-aead-8a8615188116" />
    <UnitTestResult executionId="c5ab574e-2751-4f1d-a959-cf9c140869ac" testId="3084fe2d-bd8b-1af2-460a-c7e05fcd873e" testName="GetByIdAsync_SiNoExiste_DebeRetornarNull" computerName="DESKTOP-EA7E953" duration="00:00:00.0023965" startTime="2026-06-25T21:35:45.9735734-04:00" endTime="2026-06-25T21:35:45.9735737-04:00" testType="13cdc9d9-ddb5-4fa4-a97d-d965ccfc6d4b" outcome="Passed" testListId="8c84fa94-04c1-424b-9868-57a2d4851a1d" relativeResultsDirectory="c5ab574e-2751-4f1d-a959-cf9c140869ac" />
    <UnitTestResult executionId="44344531-827d-49de-af78-5971c334e1f6" testId="bfa21a41-cf90-e337-1eee-bcd48cb94e0a" testName="CreateAsync_FlujoExitoso_DebeGuardarComoProgramado" computerName="DESKTOP-EA7E953" duration="00:00:00.0610050" startTime="2026-06-25T21:35:46.0060572-04:00" endTime="2026-06-25T21:35:46.0060582-04:00" testType="13cdc9d9-ddb5-4fa4-a97d-d965ccfc6d4b" outcome="Passed" testListId="8c84fa94-04c1-424b-9868-57a2d4851a1d" relativeResultsDirectory="44344531-827d-49de-af78-5971c334e1f6" />
    <UnitTestResult executionId="3f1af3cf-290d-4867-9a52-aef91100a3e8" testId="5ccff2b5-8389-ee85-9620-538a363c3e41" testName="DeleteAsync_SiExiste_DebeRemoverYRetornarTrue" computerName="DESKTOP-EA7E953" duration="00:00:00.0052773" startTime="2026-06-25T21:35:45.9760919-04:00" endTime="2026-06-25T21:35:45.9760921-04:00" testType="13cdc9d9-ddb5-4fa4-a97d-d965ccfc6d4b" outcome="Passed" testListId="8c84fa94-04c1-424b-9868-57a2d4851a1d" relativeResultsDirectory="3f1af3cf-290d-4867-9a52-aef91100a3e8" />
    <UnitTestResult executionId="171bda94-c961-438a-9814-d2d0bb28d562" testId="fd1948ef-e2ce-0362-7681-39a3c4bdd48c" testName="SendEmailAsync_FaltaPuertoEnConfiguracion_DebeLanzarArgumentNullException" computerName="DESKTOP-EA7E953" duration="00:00:00.1615781" startTime="2026-06-25T21:35:45.9700740-04:00" endTime="2026-06-25T21:35:45.9700745-04:00" testType="13cdc9d9-ddb5-4fa4-a97d-d965ccfc6d4b" outcome="Passed" testListId="8c84fa94-04c1-424b-9868-57a2d4851a1d" relativeResultsDirectory="171bda94-c961-438a-9814-d2d0bb28d562" />
    <UnitTestResult executionId="4a7aec8a-6eb3-438d-9410-81dc7a49c909" testId="94cb4573-0d7e-07ff-f141-63adb88cda2f" testName="LoginAsync_UsuarioInactivo_DebeLanzarUnauthorizedAccessException" computerName="DESKTOP-EA7E953" duration="00:00:00.8902177" startTime="2026-06-25T21:35:46.6067769-04:00" endTime="2026-06-25T21:35:46.6067773-04:00" testType="13cdc9d9-ddb5-4fa4-a97d-d965ccfc6d4b" outcome="Passed" testListId="8c84fa94-04c1-424b-9868-57a2d4851a1d" relativeResultsDirectory="4a7aec8a-6eb3-438d-9410-81dc7a49c909" />
    <UnitTestResult executionId="3a108c31-87e1-4528-82a5-e6395d298086" testId="bc2f3755-8d61-ca48-b3b4-75d1851d0db1" testName="UpdateAsync_RolNoExiste_DebeLanzarException" computerName="DESKTOP-EA7E953" duration="00:00:00.0043109" startTime="2026-06-25T21:35:45.9704159-04:00" endTime="2026-06-25T21:35:45.9704160-04:00" testType="13cdc9d9-ddb5-4fa4-a97d-d965ccfc6d4b" outcome="Passed" testListId="8c84fa94-04c1-424b-9868-57a2d4851a1d" relativeResultsDirectory="3a108c31-87e1-4528-82a5-e6395d298086" />
    <UnitTestResult executionId="e8844d60-8403-4e29-a21d-65cc88a0c176" testId="c1836142-774a-88a1-46cd-a57d3e7e5059" testName="CreateAsync_FechaRegresoMenorOSigualALaSalida_DebeLanzarException" computerName="DESKTOP-EA7E953" duration="00:00:00.0074533" startTime="2026-06-25T21:35:45.9666099-04:00" endTime="2026-06-25T21:35:45.9666101-04:00" testType="13cdc9d9-ddb5-4fa4-a97d-d965ccfc6d4b" outcome="Passed" testListId="8c84fa94-04c1-424b-9868-57a2d4851a1d" relativeResultsDirectory="e8844d60-8403-4e29-a21d-65cc88a0c176" />
  </Results>
  <TestDefinitions>
    <UnitTest name="GetByIdAsync_SiNoExiste_DebeRetornarNull" storage="c:\users\morel technology\sistema-transporte\sistematransporte.tests\bin\debug\net8.0\sistematransporte.tests.dll" id="a1ec79e9-22a5-5671-8574-8d9791e6bbee">
      <Execution id="267e8adf-5fef-4ae1-8275-21363c2946ce" />
      <TestMethod codeBase="C:\Users\Morel Technology\Sistema-Transporte\SistemaTransporte.Tests\bin\Debug\net8.0\SistemaTransporte.Tests.dll" adapterTypeName="executor://xunit/VsTestRunner2/netcoreapp" className="SistemaTransporte.Tests.ConductorServiceTests" name="GetByIdAsync_SiNoExiste_DebeRetornarNull" />
    </UnitTest>
    <UnitTest name="DeleteAsync_SiExiste_DebeRemoverYRetornarTrue" storage="c:\users\morel technology\sistema-transporte\sistematransporte.tests\bin\debug\net8.0\sistematransporte.tests.dll" id="7882fad8-c69d-12f4-9164-a2d726d01b65">
      <Execution id="cea0441a-3abe-4ee3-90f0-4d26bf8fec4d" />
      <TestMethod codeBase="C:\Users\Morel Technology\Sistema-Transporte\SistemaTransporte.Tests\bin\Debug\net8.0\SistemaTransporte.Tests.dll" adapterTypeName="executor://xunit/VsTestRunner2/netcoreapp" className="SistemaTransporte.Tests.MantenimientoServiceTests" name="DeleteAsync_SiExiste_DebeRemoverYRetornarTrue" />
    </UnitTest>
    <UnitTest name="CreateAsync_ConductorNoDisponible_DebeLanzarException" storage="c:\users\morel technology\sistema-transporte\sistematransporte.tests\bin\debug\net8.0\sistematransporte.tests.dll" id="ab63fea1-de25-4371-b27d-fab75de01b84">
      <Execution id="6ed72520-d7a5-4371-ac72-1d5963a3320a" />
      <TestMethod codeBase="C:\Users\Morel Technology\Sistema-Transporte\SistemaTransporte.Tests\bin\Debug\net8.0\SistemaTransporte.Tests.dll" adapterTypeName="executor://xunit/VsTestRunner2/netcoreapp" className="SistemaTransporte.Tests.AsignacionServiceTests" name="CreateAsync_ConductorNoDisponible_DebeLanzarException" />
    </UnitTest>
    <UnitTest name="CreateAsync_FechaRegresoMenorOSigualALaSalida_DebeLanzarException" storage="c:\users\morel technology\sistema-transporte\sistematransporte.tests\bin\debug\net8.0\sistematransporte.tests.dll" id="c1836142-774a-88a1-46cd-a57d3e7e5059">
      <Execution id="e8844d60-8403-4e29-a21d-65cc88a0c176" />
      <TestMethod codeBase="C:\Users\Morel Technology\Sistema-Transporte\SistemaTransporte.Tests\bin\Debug\net8.0\SistemaTransporte.Tests.dll" adapterTypeName="executor://xunit/VsTestRunner2/netcoreapp" className="SistemaTransporte.Tests.SolicitudTransporteServiceTests" name="CreateAsync_FechaRegresoMenorOSigualALaSalida_DebeLanzarException" />
    </UnitTest>
    <UnitTest name="CreateAsync_FlujoExitoso_DebeGuardarViajeEnCurso" storage="c:\users\morel technology\sistema-transporte\sistematransporte.tests\bin\debug\net8.0\sistematransporte.tests.dll" id="0c893564-4420-cf66-740b-77d7214a714e">
      <Execution id="57d8a0b3-1484-4c17-acf7-80071e1b7b98" />
      <TestMethod codeBase="C:\Users\Morel Technology\Sistema-Transporte\SistemaTransporte.Tests\bin\Debug\net8.0\SistemaTransporte.Tests.dll" adapterTypeName="executor://xunit/VsTestRunner2/netcoreapp" className="SistemaTransporte.Tests.ViajeServiceTests" name="CreateAsync_FlujoExitoso_DebeGuardarViajeEnCurso" />
    </UnitTest>
    <UnitTest name="GetByIdAsync_SiExiste_DebeRetornarVehiculoDto" storage="c:\users\morel technology\sistema-transporte\sistematransporte.tests\bin\debug\net8.0\sistematransporte.tests.dll" id="6b019f29-42f9-4994-dd1e-c020c0b45e0e">
      <Execution id="6e98b131-40ac-4aad-b219-93782e5ec559" />
      <TestMethod codeBase="C:\Users\Morel Technology\Sistema-Transporte\SistemaTransporte.Tests\bin\Debug\net8.0\SistemaTransporte.Tests.dll" adapterTypeName="executor://xunit/VsTestRunner2/netcoreapp" className="SistemaTransporte.Tests.VehiculoServiceTests" name="GetByIdAsync_SiExiste_DebeRetornarVehiculoDto" />
    </UnitTest>
    <UnitTest name="UpdateAsync_EstadoEnProgreso_DebeCambiarVehiculoAEnMantenimiento" storage="c:\users\morel technology\sistema-transporte\sistematransporte.tests\bin\debug\net8.0\sistematransporte.tests.dll" id="ac2109b9-41be-9cf6-41c5-36c546ce0609">
      <Execution id="037882a5-8995-427a-ba9d-32827c9d21b3" />
      <TestMethod codeBase="C:\Users\Morel Technology\Sistema-Transporte\SistemaTransporte.Tests\bin\Debug\net8.0\SistemaTransporte.Tests.dll" adapterTypeName="executor://xunit/VsTestRunner2/netcoreapp" className="SistemaTransporte.Tests.MantenimientoServiceTests" name="UpdateAsync_EstadoEnProgreso_DebeCambiarVehiculoAEnMantenimiento" />
    </UnitTest>
    <UnitTest name="DeleteAsync_SiExiste_DebeRemoverYRetornarTrue" storage="c:\users\morel technology\sistema-transporte\sistematransporte.tests\bin\debug\net8.0\sistematransporte.tests.dll" id="d93cc48c-30eb-32ee-c105-4916caf30205">
      <Execution id="e9df36bf-e990-4328-a868-9ffaf534e39b" />
      <TestMethod codeBase="C:\Users\Morel Technology\Sistema-Transporte\SistemaTransporte.Tests\bin\Debug\net8.0\SistemaTransporte.Tests.dll" adapterTypeName="executor://xunit/VsTestRunner2/netcoreapp" className="SistemaTransporte.Tests.ConductorServiceTests" name="DeleteAsync_SiExiste_DebeRemoverYRetornarTrue" />
    </UnitTest>
    <UnitTest name="CreateAsync_VehiculoNoDisponible_DebeLanzarException" storage="c:\users\morel technology\sistema-transporte\sistematransporte.tests\bin\debug\net8.0\sistematransporte.tests.dll" id="7c973772-d192-e74c-de70-41136310ad0b">
      <Execution id="5d3e1c67-a045-429a-afdd-7065af7e2fa1" />
      <TestMethod codeBase="C:\Users\Morel Technology\Sistema-Transporte\SistemaTransporte.Tests\bin\Debug\net8.0\SistemaTransporte.Tests.dll" adapterTypeName="executor://xunit/VsTestRunner2/netcoreapp" className="SistemaTransporte.Tests.AsignacionServiceTests" name="CreateAsync_VehiculoNoDisponible_DebeLanzarException" />
    </UnitTest>
    <UnitTest name="LoginAsync_UsuarioActivoYCredencialesCorrectas_DebeRetornarAuthResponseDto" storage="c:\users\morel technology\sistema-transporte\sistematransporte.tests\bin\debug\net8.0\sistematransporte.tests.dll" id="1c022acd-f39e-9275-17bb-a32d2ba2dd4b">
      <Execution id="0788fcde-c09c-46be-ae66-ead2d6ac61d0" />
      <TestMethod codeBase="C:\Users\Morel Technology\Sistema-Transporte\SistemaTransporte.Tests\bin\Debug\net8.0\SistemaTransporte.Tests.dll" adapterTypeName="executor://xunit/VsTestRunner2/netcoreapp" className="SistemaTransporte.Tests.AuthServiceTests" name="LoginAsync_UsuarioActivoYCredencialesCorrectas_DebeRetornarAuthResponseDto" />
    </UnitTest>
    <UnitTest name="GetByIdAsync_SiNoExiste_DebeRetornarNull" storage="c:\users\morel technology\sistema-transporte\sistematransporte.tests\bin\debug\net8.0\sistematransporte.tests.dll" id="3084fe2d-bd8b-1af2-460a-c7e05fcd873e">
      <Execution id="c5ab574e-2751-4f1d-a959-cf9c140869ac" />
      <TestMethod codeBase="C:\Users\Morel Technology\Sistema-Transporte\SistemaTransporte.Tests\bin\Debug\net8.0\SistemaTransporte.Tests.dll" adapterTypeName="executor://xunit/VsTestRunner2/netcoreapp" className="SistemaTransporte.Tests.VehiculoServiceTests" name="GetByIdAsync_SiNoExiste_DebeRetornarNull" />
    </UnitTest>
    <UnitTest name="SendEmailAsync_ConfiguracionInvalida_DebeLanzarFormatException" storage="c:\users\morel technology\sistema-transporte\sistematransporte.tests\bin\debug\net8.0\sistematransporte.tests.dll" id="6a029fd6-fd32-079b-f647-e7c4cc5c5173">
      <Execution id="e198d3e5-d427-42ca-94a7-96981ccfde2a" />
      <TestMethod codeBase="C:\Users\Morel Technology\Sistema-Transporte\SistemaTransporte.Tests\bin\Debug\net8.0\SistemaTransporte.Tests.dll" adapterTypeName="executor://xunit/VsTestRunner2/netcoreapp" className="SistemaTransporte.Tests.EmailServiceTests" name="SendEmailAsync_ConfiguracionInvalida_DebeLanzarFormatException" />
    </UnitTest>
    <UnitTest name="GetByIdAsync_SiExiste_DebeRetornarConductorDto" storage="c:\users\morel technology\sistema-transporte\sistematransporte.tests\bin\debug\net8.0\sistematransporte.tests.dll" id="3fccef17-0dd4-5735-2b6b-467a664741e2">
      <Execution id="10354bd7-ee79-42eb-a340-2f09858c4956" />
      <TestMethod codeBase="C:\Users\Morel Technology\Sistema-Transporte\SistemaTransporte.Tests\bin\Debug\net8.0\SistemaTransporte.Tests.dll" adapterTypeName="executor://xunit/VsTestRunner2/netcoreapp" className="SistemaTransporte.Tests.ConductorServiceTests" name="GetByIdAsync_SiExiste_DebeRetornarConductorDto" />
    </UnitTest>
    <UnitTest name="DeleteAsync_SiExiste_DebeRemoverYRetornarTrue" storage="c:\users\morel technology\sistema-transporte\sistematransporte.tests\bin\debug\net8.0\sistematransporte.tests.dll" id="dcaa2013-283a-1372-ba86-63dec1f574da">
      <Execution id="5b4dcde6-a68e-435b-b517-266c324004a3" />
      <TestMethod codeBase="C:\Users\Morel Technology\Sistema-Transporte\SistemaTransporte.Tests\bin\Debug\net8.0\SistemaTransporte.Tests.dll" adapterTypeName="executor://xunit/VsTestRunner2/netcoreapp" className="SistemaTransporte.Tests.ViajeServiceTests" name="DeleteAsync_SiExiste_DebeRemoverYRetornarTrue" />
    </UnitTest>
    <UnitTest name="UpdateAsync_EstadoFinalizado_DebeLiberarVehiculoYConductor" storage="c:\users\morel technology\sistema-transporte\sistematransporte.tests\bin\debug\net8.0\sistematransporte.tests.dll" id="454a54cd-c320-adf1-2b99-3f5bd879d97e">
      <Execution id="4ae91548-8550-46ee-bfda-f10a10cc7437" />
      <TestMethod codeBase="C:\Users\Morel Technology\Sistema-Transporte\SistemaTransporte.Tests\bin\Debug\net8.0\SistemaTransporte.Tests.dll" adapterTypeName="executor://xunit/VsTestRunner2/netcoreapp" className="SistemaTransporte.Tests.ViajeServiceTests" name="UpdateAsync_EstadoFinalizado_DebeLiberarVehiculoYConductor" />
    </UnitTest>
    <UnitTest name="CreateAsync_SolicitudNoAprobada_DebeLanzarException" storage="c:\users\morel technology\sistema-transporte\sistematransporte.tests\bin\debug\net8.0\sistematransporte.tests.dll" id="0898c509-9a94-0fdf-cad2-3667930ecfd1">
      <Execution id="db375413-da90-4751-94f4-82914b862935" />
      <TestMethod codeBase="C:\Users\Morel Technology\Sistema-Transporte\SistemaTransporte.Tests\bin\Debug\net8.0\SistemaTransporte.Tests.dll" adapterTypeName="executor://xunit/VsTestRunner2/netcoreapp" className="SistemaTransporte.Tests.AsignacionServiceTests" name="CreateAsync_SolicitudNoAprobada_DebeLanzarException" />
    </UnitTest>
    <UnitTest name="UpdateAsync_UsuarioYRolExisten_DebeActualizarYRetornarTrue" storage="c:\users\morel technology\sistema-transporte\sistematransporte.tests\bin\debug\net8.0\sistematransporte.tests.dll" id="19c678e8-c8cb-e761-07ef-f1c3c10abc3f">
      <Execution id="1b89033a-5dc7-46bd-bcaa-42cc19d32a94" />
      <TestMethod codeBase="C:\Users\Morel Technology\Sistema-Transporte\SistemaTransporte.Tests\bin\Debug\net8.0\SistemaTransporte.Tests.dll" adapterTypeName="executor://xunit/VsTestRunner2/netcoreapp" className="SistemaTransporte.Tests.UsuarioServiceTests" name="UpdateAsync_UsuarioYRolExisten_DebeActualizarYRetornarTrue" />
    </UnitTest>
    <UnitTest name="CreateAsync_VehiculoNoExiste_DebeLanzarException" storage="c:\users\morel technology\sistema-transporte\sistematransporte.tests\bin\debug\net8.0\sistematransporte.tests.dll" id="100aa902-4b3b-f609-c9e6-39ebc6c24db6">
      <Execution id="7b49e8e1-64c1-4aab-b2e5-b7ac216d1c00" />
      <TestMethod codeBase="C:\Users\Morel Technology\Sistema-Transporte\SistemaTransporte.Tests\bin\Debug\net8.0\SistemaTransporte.Tests.dll" adapterTypeName="executor://xunit/VsTestRunner2/netcoreapp" className="SistemaTransporte.Tests.ConsumoCombustibleServiceTests" name="CreateAsync_VehiculoNoExiste_DebeLanzarException" />
    </UnitTest>
    <UnitTest name="CreateAsync_AsignacionNoExiste_DebeLanzarException" storage="c:\users\morel technology\sistema-transporte\sistematransporte.tests\bin\debug\net8.0\sistematransporte.tests.dll" id="806881ee-5725-8e05-092d-498c5b539b6c">
      <Execution id="bd20357c-d4d1-4c7a-a3bf-8cfe325ddc2e" />
      <TestMethod codeBase="C:\Users\Morel Technology\Sistema-Transporte\SistemaTransporte.Tests\bin\Debug\net8.0\SistemaTransporte.Tests.dll" adapterTypeName="executor://xunit/VsTestRunner2/netcoreapp" className="SistemaTransporte.Tests.ViajeServiceTests" name="CreateAsync_AsignacionNoExiste_DebeLanzarException" />
    </UnitTest>
    <UnitTest name="GetAllAsync_DebeRetornarUsuariosMapeadosConSuRol" storage="c:\users\morel technology\sistema-transporte\sistematransporte.tests\bin\debug\net8.0\sistematransporte.tests.dll" id="e1bdba08-9e26-6915-a8b5-5c4ca69a3773">
      <Execution id="9f3e2f25-9d4b-4cb6-a095-e29a3a38bc90" />
      <TestMethod codeBase="C:\Users\Morel Technology\Sistema-Transporte\SistemaTransporte.Tests\bin\Debug\net8.0\SistemaTransporte.Tests.dll" adapterTypeName="executor://xunit/VsTestRunner2/netcoreapp" className="SistemaTransporte.Tests.UsuarioServiceTests" name="GetAllAsync_DebeRetornarUsuariosMapeadosConSuRol" />
    </UnitTest>
    <UnitTest name="CreateAsync_AsignacionNoActiva_DebeLanzarException" storage="c:\users\morel technology\sistema-transporte\sistematransporte.tests\bin\debug\net8.0\sistematransporte.tests.dll" id="c1cbeba4-a2d3-7b48-c513-bb5d3fa9aad3">
      <Execution id="6ab7a460-c82c-4127-b7e7-bb8dd07986b5" />
      <TestMethod codeBase="C:\Users\Morel Technology\Sistema-Transporte\SistemaTransporte.Tests\bin\Debug\net8.0\SistemaTransporte.Tests.dll" adapterTypeName="executor://xunit/VsTestRunner2/netcoreapp" className="SistemaTransporte.Tests.ViajeServiceTests" name="CreateAsync_AsignacionNoActiva_DebeLanzarException" />
    </UnitTest>
    <UnitTest name="UpdateAsync_SiExiste_DebeActualizarYRetornarTrue" storage="c:\users\morel technology\sistema-transporte\sistematransporte.tests\bin\debug\net8.0\sistematransporte.tests.dll" id="faae516f-f0d7-9a2b-65a4-2b303c00f7c1">
      <Execution id="a9943b91-fc94-4838-ae53-0fcf9d5c3470" />
      <TestMethod codeBase="C:\Users\Morel Technology\Sistema-Transporte\SistemaTransporte.Tests\bin\Debug\net8.0\SistemaTransporte.Tests.dll" adapterTypeName="executor://xunit/VsTestRunner2/netcoreapp" className="SistemaTransporte.Tests.ConsumoCombustibleServiceTests" name="UpdateAsync_SiExiste_DebeActualizarYRetornarTrue" />
    </UnitTest>
    <UnitTest name="SendEmailAsync_FaltaPuertoEnConfiguracion_DebeLanzarArgumentNullException" storage="c:\users\morel technology\sistema-transporte\sistematransporte.tests\bin\debug\net8.0\sistematransporte.tests.dll" id="fd1948ef-e2ce-0362-7681-39a3c4bdd48c">
      <Execution id="171bda94-c961-438a-9814-d2d0bb28d562" />
      <TestMethod codeBase="C:\Users\Morel Technology\Sistema-Transporte\SistemaTransporte.Tests\bin\Debug\net8.0\SistemaTransporte.Tests.dll" adapterTypeName="executor://xunit/VsTestRunner2/netcoreapp" className="SistemaTransporte.Tests.EmailServiceTests" name="SendEmailAsync_FaltaPuertoEnConfiguracion_DebeLanzarArgumentNullException" />
    </UnitTest>
    <UnitTest name="UpdateAsync_ConVehiculoYConductorNuevos_DebeCrearAsignacionCorrectamente" storage="c:\users\morel technology\sistema-transporte\sistematransporte.tests\bin\debug\net8.0\sistematransporte.tests.dll" id="ca5e367a-2435-aeb7-7c91-aea12b29d989">
      <Execution id="e24ee7a2-121d-4286-8aee-1ff35117a440" />
      <TestMethod codeBase="C:\Users\Morel Technology\Sistema-Transporte\SistemaTransporte.Tests\bin\Debug\net8.0\SistemaTransporte.Tests.dll" adapterTypeName="executor://xunit/VsTestRunner2/netcoreapp" className="SistemaTransporte.Tests.SolicitudTransporteServiceTests" name="UpdateAsync_ConVehiculoYConductorNuevos_DebeCrearAsignacionCorrectamente" />
    </UnitTest>
    <UnitTest name="UpdateAsync_EstadoCompletado_DebeCambiarVehiculoADisponibleYActualizarFecha" storage="c:\users\morel technology\sistema-transporte\sistematransporte.tests\bin\debug\net8.0\sistematransporte.tests.dll" id="5aff1801-13c7-df49-a22f-8256c5ba6de2">
      <Execution id="a213ff44-d104-41ef-9366-e04cf8c05317" />
      <TestMethod codeBase="C:\Users\Morel Technology\Sistema-Transporte\SistemaTransporte.Tests\bin\Debug\net8.0\SistemaTransporte.Tests.dll" adapterTypeName="executor://xunit/VsTestRunner2/netcoreapp" className="SistemaTransporte.Tests.MantenimientoServiceTests" name="UpdateAsync_EstadoCompletado_DebeCambiarVehiculoADisponibleYActualizarFecha" />
    </UnitTest>
    <UnitTest name="GetAllAsync_DebeRetornarTodosLosConductoresMapeados" storage="c:\users\morel technology\sistema-transporte\sistematransporte.tests\bin\debug\net8.0\sistematransporte.tests.dll" id="cfae346b-9f27-e83c-babf-aeee6023c2fd">
      <Execution id="78175643-2a50-40fb-817f-4220cd7e33b8" />
      <TestMethod codeBase="C:\Users\Morel Technology\Sistema-Transporte\SistemaTransporte.Tests\bin\Debug\net8.0\SistemaTransporte.Tests.dll" adapterTypeName="executor://xunit/VsTestRunner2/netcoreapp" className="SistemaTransporte.Tests.ConductorServiceTests" name="GetAllAsync_DebeRetornarTodosLosConductoresMapeados" />
    </UnitTest>
    <UnitTest name="CreateAsync_FlujoExitoso_DebeGuardarComoProgramado" storage="c:\users\morel technology\sistema-transporte\sistematransporte.tests\bin\debug\net8.0\sistematransporte.tests.dll" id="bfa21a41-cf90-e337-1eee-bcd48cb94e0a">
      <Execution id="44344531-827d-49de-af78-5971c334e1f6" />
      <TestMethod codeBase="C:\Users\Morel Technology\Sistema-Transporte\SistemaTransporte.Tests\bin\Debug\net8.0\SistemaTransporte.Tests.dll" adapterTypeName="executor://xunit/VsTestRunner2/netcoreapp" className="SistemaTransporte.Tests.MantenimientoServiceTests" name="CreateAsync_FlujoExitoso_DebeGuardarComoProgramado" />
    </UnitTest>
    <UnitTest name="CreateAsync_CantidadColaboradoresMenorOEqualACero_DebeLanzarException" storage="c:\users\morel technology\sistema-transporte\sistematransporte.tests\bin\debug\net8.0\sistematransporte.tests.dll" id="7fd91534-d713-5a9e-4c2f-b904261967fa">
      <Execution id="1c9d4096-ac72-40e6-b235-17767ae636be" />
      <TestMethod codeBase="C:\Users\Morel Technology\Sistema-Transporte\SistemaTransporte.Tests\bin\Debug\net8.0\SistemaTransporte.Tests.dll" adapterTypeName="executor://xunit/VsTestRunner2/netcoreapp" className="SistemaTransporte.Tests.SolicitudTransporteServiceTests" name="CreateAsync_CantidadColaboradoresMenorOEqualACero_DebeLanzarException" />
    </UnitTest>
    <UnitTest name="DeleteAsync_SiExiste_DebeRemoverYRetornarTrue" storage="c:\users\morel technology\sistema-transporte\sistematransporte.tests\bin\debug\net8.0\sistematransporte.tests.dll" id="b2590b52-9303-3565-ce5d-22a15909687b">
      <Execution id="c5a398dd-6c86-4b08-906a-6c64e481644d" />
      <TestMethod codeBase="C:\Users\Morel Technology\Sistema-Transporte\SistemaTransporte.Tests\bin\Debug\net8.0\SistemaTransporte.Tests.dll" adapterTypeName="executor://xunit/VsTestRunner2/netcoreapp" className="SistemaTransporte.Tests.ConsumoCombustibleServiceTests" name="DeleteAsync_SiExiste_DebeRemoverYRetornarTrue" />
    </UnitTest>
    <UnitTest name="GetAllAsync_DebeRetornarTodosLosVehiculosMapeados" storage="c:\users\morel technology\sistema-transporte\sistematransporte.tests\bin\debug\net8.0\sistematransporte.tests.dll" id="80604542-ba43-8780-9f96-53d9cce351fc">
      <Execution id="6ae9050c-f6e3-48df-a695-e1a5874d7c1a" />
      <TestMethod codeBase="C:\Users\Morel Technology\Sistema-Transporte\SistemaTransporte.Tests\bin\Debug\net8.0\SistemaTransporte.Tests.dll" adapterTypeName="executor://xunit/VsTestRunner2/netcoreapp" className="SistemaTransporte.Tests.VehiculoServiceTests" name="GetAllAsync_DebeRetornarTodosLosVehiculosMapeados" />
    </UnitTest>
    <UnitTest name="CreateAsync_ConductorNoExiste_DebeLanzarException" storage="c:\users\morel technology\sistema-transporte\sistematransporte.tests\bin\debug\net8.0\sistematransporte.tests.dll" id="2bca8faa-a31b-35db-c2ac-9b47d490a78f">
      <Execution id="b5fafe01-7270-451c-b537-2b43d7986d49" />
      <TestMethod codeBase="C:\Users\Morel Technology\Sistema-Transporte\SistemaTransporte.Tests\bin\Debug\net8.0\SistemaTransporte.Tests.dll" adapterTypeName="executor://xunit/VsTestRunner2/netcoreapp" className="SistemaTransporte.Tests.ConsumoCombustibleServiceTests" name="CreateAsync_ConductorNoExiste_DebeLanzarException" />
    </UnitTest>
    <UnitTest name="CreateAsync_VehiculoNoExiste_DebeLanzarException" storage="c:\users\morel technology\sistema-transporte\sistematransporte.tests\bin\debug\net8.0\sistematransporte.tests.dll" id="b90b6bda-e8e8-a402-5b09-3ac8dc0bbbc5">
      <Execution id="a458fd2e-3697-478a-92d5-e2054c83994b" />
      <TestMethod codeBase="C:\Users\Morel Technology\Sistema-Transporte\SistemaTransporte.Tests\bin\Debug\net8.0\SistemaTransporte.Tests.dll" adapterTypeName="executor://xunit/VsTestRunner2/netcoreapp" className="SistemaTransporte.Tests.MantenimientoServiceTests" name="CreateAsync_VehiculoNoExiste_DebeLanzarException" />
    </UnitTest>
    <UnitTest name="DeleteAsync_SiExiste_DebeRemoverYRetornarTrue" storage="c:\users\morel technology\sistema-transporte\sistematransporte.tests\bin\debug\net8.0\sistematransporte.tests.dll" id="5ccff2b5-8389-ee85-9620-538a363c3e41">
      <Execution id="3f1af3cf-290d-4867-9a52-aef91100a3e8" />
      <TestMethod codeBase="C:\Users\Morel Technology\Sistema-Transporte\SistemaTransporte.Tests\bin\Debug\net8.0\SistemaTransporte.Tests.dll" adapterTypeName="executor://xunit/VsTestRunner2/netcoreapp" className="SistemaTransporte.Tests.VehiculoServiceTests" name="DeleteAsync_SiExiste_DebeRemoverYRetornarTrue" />
    </UnitTest>
    <UnitTest name="CreateAsync_FlujoExitoso_DebeGuardarYCambiarEstadosAEnViaje" storage="c:\users\morel technology\sistema-transporte\sistematransporte.tests\bin\debug\net8.0\sistematransporte.tests.dll" id="36899d8c-fe1b-44a2-2807-c75f8817d344">
      <Execution id="d52680ef-1a2c-4cdd-8781-00f661dfb951" />
      <TestMethod codeBase="C:\Users\Morel Technology\Sistema-Transporte\SistemaTransporte.Tests\bin\Debug\net8.0\SistemaTransporte.Tests.dll" adapterTypeName="executor://xunit/VsTestRunner2/netcoreapp" className="SistemaTransporte.Tests.AsignacionServiceTests" name="CreateAsync_FlujoExitoso_DebeGuardarYCambiarEstadosAEnViaje" />
    </UnitTest>
    <UnitTest name="CreateAsync_DebeGuardarYRetornarVehiculoDisponible" storage="c:\users\morel technology\sistema-transporte\sistematransporte.tests\bin\debug\net8.0\sistematransporte.tests.dll" id="9765131b-ab36-f674-28c8-52557fc726ec">
      <Execution id="aefe0ab8-5055-4a6c-838c-006d9541e8f0" />
      <TestMethod codeBase="C:\Users\Morel Technology\Sistema-Transporte\SistemaTransporte.Tests\bin\Debug\net8.0\SistemaTransporte.Tests.dll" adapterTypeName="executor://xunit/VsTestRunner2/netcoreapp" className="SistemaTransporte.Tests.VehiculoServiceTests" name="CreateAsync_DebeGuardarYRetornarVehiculoDisponible" />
    </UnitTest>
    <UnitTest name="LoginAsync_UsuarioInactivo_DebeLanzarUnauthorizedAccessException" storage="c:\users\morel technology\sistema-transporte\sistematransporte.tests\bin\debug\net8.0\sistematransporte.tests.dll" id="94cb4573-0d7e-07ff-f141-63adb88cda2f">
      <Execution id="4a7aec8a-6eb3-438d-9410-81dc7a49c909" />
      <TestMethod codeBase="C:\Users\Morel Technology\Sistema-Transporte\SistemaTransporte.Tests\bin\Debug\net8.0\SistemaTransporte.Tests.dll" adapterTypeName="executor://xunit/VsTestRunner2/netcoreapp" className="SistemaTransporte.Tests.AuthServiceTests" name="LoginAsync_UsuarioInactivo_DebeLanzarUnauthorizedAccessException" />
    </UnitTest>
    <UnitTest name="UpdateAsync_RolNoExiste_DebeLanzarException" storage="c:\users\morel technology\sistema-transporte\sistematransporte.tests\bin\debug\net8.0\sistematransporte.tests.dll" id="bc2f3755-8d61-ca48-b3b4-75d1851d0db1">
      <Execution id="3a108c31-87e1-4528-82a5-e6395d298086" />
      <TestMethod codeBase="C:\Users\Morel Technology\Sistema-Transporte\SistemaTransporte.Tests\bin\Debug\net8.0\SistemaTransporte.Tests.dll" adapterTypeName="executor://xunit/VsTestRunner2/netcoreapp" className="SistemaTransporte.Tests.UsuarioServiceTests" name="UpdateAsync_RolNoExiste_DebeLanzarException" />
    </UnitTest>
    <UnitTest name="UpdateAsync_SiExiste_DebeActualizarYRetornarTrue" storage="c:\users\morel technology\sistema-transporte\sistematransporte.tests\bin\debug\net8.0\sistematransporte.tests.dll" id="0dc5e48a-fa46-f922-188a-94d05ac89218">
      <Execution id="5b5f7785-d7ab-48ae-aead-8a8615188116" />
      <TestMethod codeBase="C:\Users\Morel Technology\Sistema-Transporte\SistemaTransporte.Tests\bin\Debug\net8.0\SistemaTransporte.Tests.dll" adapterTypeName="executor://xunit/VsTestRunner2/netcoreapp" className="SistemaTransporte.Tests.ConductorServiceTests" name="UpdateAsync_SiExiste_DebeActualizarYRetornarTrue" />
    </UnitTest>
    <UnitTest name="CreateAsync_FlujoExitoso_DebeGuardarConEstadoPendiente" storage="c:\users\morel technology\sistema-transporte\sistematransporte.tests\bin\debug\net8.0\sistematransporte.tests.dll" id="d5ef8fce-5d9b-95d1-6b12-1714cdc02c1e">
      <Execution id="d449285a-aa82-4fad-b0e8-a49092d4cdda" />
      <TestMethod codeBase="C:\Users\Morel Technology\Sistema-Transporte\SistemaTransporte.Tests\bin\Debug\net8.0\SistemaTransporte.Tests.dll" adapterTypeName="executor://xunit/VsTestRunner2/netcoreapp" className="SistemaTransporte.Tests.ConsumoCombustibleServiceTests" name="CreateAsync_FlujoExitoso_DebeGuardarConEstadoPendiente" />
    </UnitTest>
    <UnitTest name="DeleteAsync_SiExiste_DebeLiberarRecursosYRetornarTrue" storage="c:\users\morel technology\sistema-transporte\sistematransporte.tests\bin\debug\net8.0\sistematransporte.tests.dll" id="40239e84-704e-a166-7271-8e37ed797ee5">
      <Execution id="c6ee458f-c99d-4778-b0b9-67bda1da8a8e" />
      <TestMethod codeBase="C:\Users\Morel Technology\Sistema-Transporte\SistemaTransporte.Tests\bin\Debug\net8.0\SistemaTransporte.Tests.dll" adapterTypeName="executor://xunit/VsTestRunner2/netcoreapp" className="SistemaTransporte.Tests.AsignacionServiceTests" name="DeleteAsync_SiExiste_DebeLiberarRecursosYRetornarTrue" />
    </UnitTest>
    <UnitTest name="UpdateAsync_SiExiste_DebeActualizarYRetornarTrue" storage="c:\users\morel technology\sistema-transporte\sistematransporte.tests\bin\debug\net8.0\sistematransporte.tests.dll" id="9f381fd2-589b-08da-ac03-ed4550abc738">
      <Execution id="34e86559-8e14-4606-9490-cea23642c23d" />
      <TestMethod codeBase="C:\Users\Morel Technology\Sistema-Transporte\SistemaTransporte.Tests\bin\Debug\net8.0\SistemaTransporte.Tests.dll" adapterTypeName="executor://xunit/VsTestRunner2/netcoreapp" className="SistemaTransporte.Tests.VehiculoServiceTests" name="UpdateAsync_SiExiste_DebeActualizarYRetornarTrue" />
    </UnitTest>
    <UnitTest name="CreateAsync_DebeGuardarYRetornarConductorDisponible" storage="c:\users\morel technology\sistema-transporte\sistematransporte.tests\bin\debug\net8.0\sistematransporte.tests.dll" id="04916799-0be6-8ee3-7fa0-13fb70631b7a">
      <Execution id="ac5f58a4-1d8a-4975-9b8d-59311828ef3b" />
      <TestMethod codeBase="C:\Users\Morel Technology\Sistema-Transporte\SistemaTransporte.Tests\bin\Debug\net8.0\SistemaTransporte.Tests.dll" adapterTypeName="executor://xunit/VsTestRunner2/netcoreapp" className="SistemaTransporte.Tests.ConductorServiceTests" name="CreateAsync_DebeGuardarYRetornarConductorDisponible" />
    </UnitTest>
  </TestDefinitions>
  <TestEntries>
    <TestEntry testId="04916799-0be6-8ee3-7fa0-13fb70631b7a" executionId="ac5f58a4-1d8a-4975-9b8d-59311828ef3b" testListId="8c84fa94-04c1-424b-9868-57a2d4851a1d" />
    <TestEntry testId="0898c509-9a94-0fdf-cad2-3667930ecfd1" executionId="db375413-da90-4751-94f4-82914b862935" testListId="8c84fa94-04c1-424b-9868-57a2d4851a1d" />
    <TestEntry testId="d93cc48c-30eb-32ee-c105-4916caf30205" executionId="e9df36bf-e990-4328-a868-9ffaf534e39b" testListId="8c84fa94-04c1-424b-9868-57a2d4851a1d" />
    <TestEntry testId="1c022acd-f39e-9275-17bb-a32d2ba2dd4b" executionId="0788fcde-c09c-46be-ae66-ead2d6ac61d0" testListId="8c84fa94-04c1-424b-9868-57a2d4851a1d" />
    <TestEntry testId="6a029fd6-fd32-079b-f647-e7c4cc5c5173" executionId="e198d3e5-d427-42ca-94a7-96981ccfde2a" testListId="8c84fa94-04c1-424b-9868-57a2d4851a1d" />
    <TestEntry testId="0c893564-4420-cf66-740b-77d7214a714e" executionId="57d8a0b3-1484-4c17-acf7-80071e1b7b98" testListId="8c84fa94-04c1-424b-9868-57a2d4851a1d" />
    <TestEntry testId="7882fad8-c69d-12f4-9164-a2d726d01b65" executionId="cea0441a-3abe-4ee3-90f0-4d26bf8fec4d" testListId="8c84fa94-04c1-424b-9868-57a2d4851a1d" />
    <TestEntry testId="cfae346b-9f27-e83c-babf-aeee6023c2fd" executionId="78175643-2a50-40fb-817f-4220cd7e33b8" testListId="8c84fa94-04c1-424b-9868-57a2d4851a1d" />
    <TestEntry testId="b90b6bda-e8e8-a402-5b09-3ac8dc0bbbc5" executionId="a458fd2e-3697-478a-92d5-e2054c83994b" testListId="8c84fa94-04c1-424b-9868-57a2d4851a1d" />
    <TestEntry testId="3fccef17-0dd4-5735-2b6b-467a664741e2" executionId="10354bd7-ee79-42eb-a340-2f09858c4956" testListId="8c84fa94-04c1-424b-9868-57a2d4851a1d" />
    <TestEntry testId="6b019f29-42f9-4994-dd1e-c020c0b45e0e" executionId="6e98b131-40ac-4aad-b219-93782e5ec559" testListId="8c84fa94-04c1-424b-9868-57a2d4851a1d" />
    <TestEntry testId="5aff1801-13c7-df49-a22f-8256c5ba6de2" executionId="a213ff44-d104-41ef-9366-e04cf8c05317" testListId="8c84fa94-04c1-424b-9868-57a2d4851a1d" />
    <TestEntry testId="806881ee-5725-8e05-092d-498c5b539b6c" executionId="bd20357c-d4d1-4c7a-a3bf-8cfe325ddc2e" testListId="8c84fa94-04c1-424b-9868-57a2d4851a1d" />
    <TestEntry testId="faae516f-f0d7-9a2b-65a4-2b303c00f7c1" executionId="a9943b91-fc94-4838-ae53-0fcf9d5c3470" testListId="8c84fa94-04c1-424b-9868-57a2d4851a1d" />
    <TestEntry testId="d5ef8fce-5d9b-95d1-6b12-1714cdc02c1e" executionId="d449285a-aa82-4fad-b0e8-a49092d4cdda" testListId="8c84fa94-04c1-424b-9868-57a2d4851a1d" />
    <TestEntry testId="ab63fea1-de25-4371-b27d-fab75de01b84" executionId="6ed72520-d7a5-4371-ac72-1d5963a3320a" testListId="8c84fa94-04c1-424b-9868-57a2d4851a1d" />
    <TestEntry testId="454a54cd-c320-adf1-2b99-3f5bd879d97e" executionId="4ae91548-8550-46ee-bfda-f10a10cc7437" testListId="8c84fa94-04c1-424b-9868-57a2d4851a1d" />
    <TestEntry testId="9765131b-ab36-f674-28c8-52557fc726ec" executionId="aefe0ab8-5055-4a6c-838c-006d9541e8f0" testListId="8c84fa94-04c1-424b-9868-57a2d4851a1d" />
    <TestEntry testId="19c678e8-c8cb-e761-07ef-f1c3c10abc3f" executionId="1b89033a-5dc7-46bd-bcaa-42cc19d32a94" testListId="8c84fa94-04c1-424b-9868-57a2d4851a1d" />
    <TestEntry testId="a1ec79e9-22a5-5671-8574-8d9791e6bbee" executionId="267e8adf-5fef-4ae1-8275-21363c2946ce" testListId="8c84fa94-04c1-424b-9868-57a2d4851a1d" />
    <TestEntry testId="80604542-ba43-8780-9f96-53d9cce351fc" executionId="6ae9050c-f6e3-48df-a695-e1a5874d7c1a" testListId="8c84fa94-04c1-424b-9868-57a2d4851a1d" />
    <TestEntry testId="ac2109b9-41be-9cf6-41c5-36c546ce0609" executionId="037882a5-8995-427a-ba9d-32827c9d21b3" testListId="8c84fa94-04c1-424b-9868-57a2d4851a1d" />
    <TestEntry testId="9f381fd2-589b-08da-ac03-ed4550abc738" executionId="34e86559-8e14-4606-9490-cea23642c23d" testListId="8c84fa94-04c1-424b-9868-57a2d4851a1d" />
    <TestEntry testId="e1bdba08-9e26-6915-a8b5-5c4ca69a3773" executionId="9f3e2f25-9d4b-4cb6-a095-e29a3a38bc90" testListId="8c84fa94-04c1-424b-9868-57a2d4851a1d" />
    <TestEntry testId="dcaa2013-283a-1372-ba86-63dec1f574da" executionId="5b4dcde6-a68e-435b-b517-266c324004a3" testListId="8c84fa94-04c1-424b-9868-57a2d4851a1d" />
    <TestEntry testId="c1cbeba4-a2d3-7b48-c513-bb5d3fa9aad3" executionId="6ab7a460-c82c-4127-b7e7-bb8dd07986b5" testListId="8c84fa94-04c1-424b-9868-57a2d4851a1d" />
    <TestEntry testId="7c973772-d192-e74c-de70-41136310ad0b" executionId="5d3e1c67-a045-429a-afdd-7065af7e2fa1" testListId="8c84fa94-04c1-424b-9868-57a2d4851a1d" />
    <TestEntry testId="2bca8faa-a31b-35db-c2ac-9b47d490a78f" executionId="b5fafe01-7270-451c-b537-2b43d7986d49" testListId="8c84fa94-04c1-424b-9868-57a2d4851a1d" />
    <TestEntry testId="36899d8c-fe1b-44a2-2807-c75f8817d344" executionId="d52680ef-1a2c-4cdd-8781-00f661dfb951" testListId="8c84fa94-04c1-424b-9868-57a2d4851a1d" />
    <TestEntry testId="40239e84-704e-a166-7271-8e37ed797ee5" executionId="c6ee458f-c99d-4778-b0b9-67bda1da8a8e" testListId="8c84fa94-04c1-424b-9868-57a2d4851a1d" />
    <TestEntry testId="7fd91534-d713-5a9e-4c2f-b904261967fa" executionId="1c9d4096-ac72-40e6-b235-17767ae636be" testListId="8c84fa94-04c1-424b-9868-57a2d4851a1d" />
    <TestEntry testId="b2590b52-9303-3565-ce5d-22a15909687b" executionId="c5a398dd-6c86-4b08-906a-6c64e481644d" testListId="8c84fa94-04c1-424b-9868-57a2d4851a1d" />
    <TestEntry testId="100aa902-4b3b-f609-c9e6-39ebc6c24db6" executionId="7b49e8e1-64c1-4aab-b2e5-b7ac216d1c00" testListId="8c84fa94-04c1-424b-9868-57a2d4851a1d" />
    <TestEntry testId="ca5e367a-2435-aeb7-7c91-aea12b29d989" executionId="e24ee7a2-121d-4286-8aee-1ff35117a440" testListId="8c84fa94-04c1-424b-9868-57a2d4851a1d" />
    <TestEntry testId="0dc5e48a-fa46-f922-188a-94d05ac89218" executionId="5b5f7785-d7ab-48ae-aead-8a8615188116" testListId="8c84fa94-04c1-424b-9868-57a2d4851a1d" />
    <TestEntry testId="3084fe2d-bd8b-1af2-460a-c7e05fcd873e" executionId="c5ab574e-2751-4f1d-a959-cf9c140869ac" testListId="8c84fa94-04c1-424b-9868-57a2d4851a1d" />
    <TestEntry testId="bfa21a41-cf90-e337-1eee-bcd48cb94e0a" executionId="44344531-827d-49de-af78-5971c334e1f6" testListId="8c84fa94-04c1-424b-9868-57a2d4851a1d" />
    <TestEntry testId="5ccff2b5-8389-ee85-9620-538a363c3e41" executionId="3f1af3cf-290d-4867-9a52-aef91100a3e8" testListId="8c84fa94-04c1-424b-9868-57a2d4851a1d" />
    <TestEntry testId="fd1948ef-e2ce-0362-7681-39a3c4bdd48c" executionId="171bda94-c961-438a-9814-d2d0bb28d562" testListId="8c84fa94-04c1-424b-9868-57a2d4851a1d" />
    <TestEntry testId="94cb4573-0d7e-07ff-f141-63adb88cda2f" executionId="4a7aec8a-6eb3-438d-9410-81dc7a49c909" testListId="8c84fa94-04c1-424b-9868-57a2d4851a1d" />
    <TestEntry testId="bc2f3755-8d61-ca48-b3b4-75d1851d0db1" executionId="3a108c31-87e1-4528-82a5-e6395d298086" testListId="8c84fa94-04c1-424b-9868-57a2d4851a1d" />
    <TestEntry testId="c1836142-774a-88a1-46cd-a57d3e7e5059" executionId="e8844d60-8403-4e29-a21d-65cc88a0c176" testListId="8c84fa94-04c1-424b-9868-57a2d4851a1d" />
  </TestEntries>
  <TestLists>
    <TestList name="Results Not in a List" id="8c84fa94-04c1-424b-9868-57a2d4851a1d" />
    <TestList name="All Loaded Results" id="19431567-8539-422a-85d7-44ee4e166bda" />
  </TestLists>
  <ResultSummary outcome="Completed">
    <Counters total="42" executed="42" passed="42" failed="0" error="0" timeout="0" aborted="0" inconclusive="0" passedButRunAborted="0" notRunnable="0" notExecuted="0" disconnected="0" warning="0" completed="0" inProgress="0" pending="0" />
    <Output>
      <StdOut>[xUnit.net 00:00:00.00] xUnit.net VSTest Adapter v2.5.3.1+6b60a9e56a (64-bit .NET 8.0.12)&#xD;
[xUnit.net 00:00:00.16]   Discovering: SistemaTransporte.Tests (method display = Method, method display options = None)&#xD;
[xUnit.net 00:00:00.22]   Discovered:  SistemaTransporte.Tests (found 42 test cases)&#xD;
[xUnit.net 00:00:00.22]   Starting:    SistemaTransporte.Tests (parallel test collections = on, max threads = 8)&#xD;
[xUnit.net 00:00:01.69]   Finished:    SistemaTransporte.Tests&#xD;
</StdOut>
    </Output>
  </ResultSummary>
</TestRun>